// Jest Snapshot v1, https://goo.gl/fbAQLP

exports[`Badge should match snapshot 1`] = `
<View
  style={
    Array [
      Object {
        "borderRadius": 12,
        "margin": 6,
        "padding": 6,
      },
      Object {
        "backgroundColor": "#A765C1",
      },
    ]
  }
  testID="container-text"
>
  <Text
    style={
      Array [
        Object {
          "color": "#11100F",
        },
        Object {
          "color": "#11100F",
          "fontWeight": "600",
        },
      ]
    }
  >
    Hello world
  </Text>
</View>
`;
